<html>
<body>
<pre>
<h1>µVision Build Log</h1>
<h2>Tool Versions:</h2>
IDE-Version: ¦ÌVision V5.17.0.0
Copyright (C) 2015 ARM Ltd and ARM Germany GmbH. All rights reserved.
License Information: \ \, \, LIC=TA374-F4J8Q-LUX4M-XU4IQ-IUFX7-ZW4RM
 
Tool Versions:
Toolchain:       MDK-ARM Professional  Version: 5.17
Toolchain Path:  C:\Users\ljq65\AppData\Local\Programs\Keil5\ARM\ARMCC\Bin
C Compiler:      Armcc.exe V5.06 update 1 (build 61)
Assembler:       Armasm.exe V5.06 update 1 (build 61)
Linker/Locator:  ArmLink.exe V5.06 update 1 (build 61)
Library Manager: ArmAr.exe V5.06 update 1 (build 61)
Hex Converter:   FromElf.exe V5.06 update 1 (build 61)
CPU DLL:         SARMCM3.DLL V5.17
Dialog DLL:      DCM.DLL V1.13.4.0
Target DLL:      STLink\ST-LINKIII-KEIL_SWO.dll V2.0.18.0
Dialog DLL:      TCM.DLL V1.14.6.0
 
<h2>Project:</h2>
C:\Users\ljq65\WorkSpace\STM32\WifiSwitch\WifiSwitch.uvprojx
Project File Date:  12/14/2015

<h2>Output:</h2>
*** Using Compiler 'V5.06 update 1 (build 61)', folder: 'C:\Users\ljq65\AppData\Local\Programs\Keil5\ARM\ARMCC\Bin'
Build target 'WifiSwitch'
compiling led.c...
compiling relay.c...
compiling main.c...
compiling usart.c...
compiling wifi.c...
compiling delay.c...
compiling context.c...
linking...
Program Size: Code=900 RO-data=268 RW-data=8 ZI-data=1104  
".\Objects\WifiSwitch.axf" - 0 Error(s), 0 Warning(s).

<h2>Collection of Component include folders:</h2>
  C:\Users\ljq65\WorkSpace\STM32\WifiSwitch\RTE
  C:\Users\ljq65\AppData\Local\Programs\Keil5\ARM\PACK\Keil\STM32F1xx_DFP\2.0.0\Device\Include

<h2>Collection of Component Files used:</h2>
Build Time Elapsed:  00:00:05
</pre>
</body>
</html>
